// Jest Snapshot v1, https://goo.gl/fbAQLP

exports[`App after advice fetched renders advice 1`] = `
<div
  className="App"
>
  <ShowOtherAdviceButton />
</div>
`;

exports[`App before advice fetched renders loading indicator 1`] = `
<div
  className="App"
>
  <ShowOtherAdviceButton />
</div>
`;

exports[`App when hitting "Show other advice" button should render other advice 1`] = `
<div
  className="ShowOtherAdviceButton"
>
  <p
    className="Advice"
  >
    Always trust random advice.
  </p>
  <button
    className="Advice-other-advice-button"
    onClick={[Function]}
  >
    Show other advice
  </button>
</div>
`;
